Database error: Error: read ECONNRESET
    at C:\Users\Student\Downloads\farmerjoin-marketplace-main\farmerjoin-marketplace-main\Backend_App\node_modules\pg-pool\index.js:45:11
    at process.processTicksAndRejections (node:internal/process/task_queues:105:5)
    at async C:\Users\Student\Downloads\farmerjoin-marketplace-main\farmerjoin-marketplace-main\Backend_App\dbConnection.js:128:32 {
  errno: -4077,
  code: 'ECONNRESET',
  syscall: 'read'
}
Failed query: 

        SELECT 

            p.*,

            u.full_name as farmer_name,

            u.email as farmer_email,

            u.phone as farmer_phone,

            f.location as farm_location,

            f.farm_name,

            COALESCE(ps.times_ordered, 0) as times_ordered,

            COALESCE(ps.units_sold, 0) as units_sold

        FROM products p

        LEFT JOIN farmers f ON p.farmer_id = f.farmer_id

        LEFT JOIN users u ON f.user_id = u.user_id

        LEFT JOIN (

            SELECT

                oi.product_id,

                COUNT(DISTINCT oi.order_id) as times_ordered,

                COALESCE(SUM(oi.quantity), 0) as units_sold

            FROM order_items oi

            GROUP BY oi.product_id

        ) ps ON p.product_id = ps.product_id

        WHERE u.role = 'farmer'

          AND LOWER(COALESCE(u.status, 'inactive')) = 'active'

     ORDER BY p.created_at DESC
Failed params: []
Profile insertion error: error: column "created_at" of relation "farmers" does not exist
    at C:\Users\Student\Downloads\farmerjoin-marketplace-main\farmerjoin-marketplace-main\Backend_App\node_modules\pg\lib\client.js:631:17
    at process.processTicksAndRejections (node:internal/process/task_queues:105:5)
    at async C:\Users\Student\Downloads\farmerjoin-marketplace-main\farmerjoin-marketplace-main\Backend_App\dbConnection.js:123:40 {
  length: 130,
  severity: 'ERROR',
  code: '42703',
  detail: undefined,
  hint: undefined,
  position: '42',
  internalPosition: undefined,
  internalQuery: undefined,
  where: undefined,
  schema: undefined,
  table: undefined,
  column: undefined,
  dataType: undefined,
  constraint: undefined,
  file: 'parse_target.c',
  line: '1065',
  routine: 'checkInsertTargets'
}
